--------------------------------------------------------------------------------------
Timing Analyzer Summary
--------------------------------------------------------------------------------------

Type           : Worst-case tsu
Slack          : N/A
Required Time  : None
Actual Time    : 3.159 ns
From           : button4
To             : Debouncer:inst5|button_reg[0]
From Clock     : --
To Clock       : clk_50MHz
Failed Paths   : 0

Type           : Worst-case tco
Slack          : N/A
Required Time  : None
Actual Time    : 14.776 ns
From           : Arkanoid:inst|h_counter[0]
To             : h_sync
From Clock     : clk_50MHz
To Clock       : --
Failed Paths   : 0

Type           : Worst-case th
Slack          : N/A
Required Time  : None
Actual Time    : -1.772 ns
From           : button1
To             : Debouncer:inst2|button_reg[0]
From Clock     : --
To Clock       : clk_50MHz
Failed Paths   : 0

Type           : Clock Setup: 'clk_50MHz'
Slack          : N/A
Required Time  : None
Actual Time    : 7.55 MHz ( period = 132.461 ns )
From           : Arkanoid:inst|platform1_position[3]
To             : Arkanoid:inst|hex0_[6]
From Clock     : clk_50MHz
To Clock       : clk_50MHz
Failed Paths   : 0

Type           : Total number of failed paths
Slack          : 
Required Time  : 
Actual Time    : 
From           : 
To             : 
From Clock     : 
To Clock       : 
Failed Paths   : 0

--------------------------------------------------------------------------------------

